VAL: { TYPE: LeftCurlyBracket LINE: 1 CHAR: 2
VAL: "hello" TYPE: String LINE: 2 CHAR: 5
VAL: : TYPE: Colon LINE: 2 CHAR: 12
VAL: "world" TYPE: String LINE: 2 CHAR: 14
VAL: , TYPE: Comma LINE: 2 CHAR: 21
VAL: "t" TYPE: String LINE: 3 CHAR: 5
VAL: : TYPE: Colon LINE: 3 CHAR: 8
VAL: true TYPE: True LINE: 3 CHAR: 10
VAL: , TYPE: Comma LINE: 3 CHAR: 15
VAL: "f" TYPE: String LINE: 4 CHAR: 5
VAL: : TYPE: Colon LINE: 4 CHAR: 8
VAL: false TYPE: False LINE: 4 CHAR: 10
VAL: , TYPE: Comma LINE: 4 CHAR: 15
VAL: "n" TYPE: String LINE: 5 CHAR: 5
VAL: : TYPE: Colon LINE: 5 CHAR: 8
VAL: null TYPE: Null LINE: 5 CHAR: 10
VAL: , TYPE: Comma LINE: 5 CHAR: 14
VAL: "i" TYPE: String LINE: 6 CHAR: 5
VAL: : TYPE: Colon LINE: 6 CHAR: 8
VAL: 123 TYPE: Int LINE: 6 CHAR: 10
VAL: , TYPE: Comma LINE: 6 CHAR: 13
VAL: "pi" TYPE: String LINE: 7 CHAR: 5
VAL: : TYPE: Colon LINE: 7 CHAR: 9
VAL: 3.1416 TYPE: IntFrac LINE: 7 CHAR: 11
VAL: , TYPE: Comma LINE: 7 CHAR: 17
VAL: "a" TYPE: String LINE: 8 CHAR: 5
VAL: : TYPE: Colon LINE: 8 CHAR: 8
VAL: [ TYPE: LeftSquareBracket LINE: 8 CHAR: 10
VAL: 1 TYPE: Int LINE: 8 CHAR: 11
VAL: , TYPE: Comma LINE: 8 CHAR: 12
VAL: 2.34 TYPE: IntFrac LINE: 8 CHAR: 14
VAL: , TYPE: Comma LINE: 8 CHAR: 18
VAL: 3.5E-10 TYPE: IntFracExp LINE: 8 CHAR: 20
VAL: , TYPE: Comma LINE: 8 CHAR: 27
VAL: 4E1 TYPE: IntExp LINE: 8 CHAR: 29
VAL: ] TYPE: RightSquareBracket LINE: 8 CHAR: 32
VAL: , TYPE: Comma LINE: 8 CHAR: 33
VAL: "iexp" TYPE: String LINE: 9 CHAR: 5
VAL: : TYPE: Colon LINE: 9 CHAR: 11
VAL: 4E+10 TYPE: IntExp LINE: 9 CHAR: 13
VAL: , TYPE: Comma LINE: 9 CHAR: 18
VAL: "ifrexp" TYPE: String LINE: 10 CHAR: 5
VAL: : TYPE: Colon LINE: 10 CHAR: 13
VAL: 2.345e-30 TYPE: IntFracExp LINE: 10 CHAR: 15
VAL: , TYPE: Comma LINE: 10 CHAR: 24
VAL: } TYPE: RightCurlyBracket LINE: 11 CHAR: 1
VAL: EndOfFile TYPE: EndOfFile LINE: 13 CHAR: 1
